The files belonging to this database system will be owned by user "homme".
This user must also own the server process.


The database cluster will be initialized with this locale configuration:
  provider:    libc

  LC_COLLATE:  French_France.1252
  LC_CTYPE:    French_France.1252
  LC_MESSAGES: C
  LC_MONETARY: French_France.1252
  LC_NUMERIC:  French_France.1252
  LC_TIME:     French_France.1252
The default database encoding has accordingly been set to "WIN1252".
The default text search configuration will be set to "french".

Data page checksums are disabled.

creating directory C:/Users/homme/clonestore/.p941-proofs/pgdata-fullstack ... 
ok

creating subdirectories ... 
ok

selecting dynamic shared memory implementation ... windows

selecting default max_connections ... 
100

selecting default shared_buffers ...
 
128MB

selecting default time zone ... 
GMT

creating configuration files ... 
ok
running bootstrap script ... 
ok

performing post-bootstrap initialization ... 
ok
syncing data to disk ... 
ok


Success. You can now start the database server using:

    ^"C^:^\Users^\homme^\clonestore^\node^_modules^\^@embedded^-postgres^\windows^-x64^\native^\bin^\pg^_ctl^" -D ^"C^:^\Users^\homme^\clonestore^\^.p941^-proofs^\pgdata^-fullstack^" -l logfile start


2026-07-07 13:54:33.168 GMT [16392] LOG:  starting PostgreSQL 16.14, compiled by Visual C++ build 1944, 64-bit

2026-07-07 13:54:34.867 GMT [16392] LOG:  listening on IPv6 address "::1", port 55450

2026-07-07 13:54:34.867 GMT [16392] LOG:  listening on IPv4 address "127.0.0.1", port 55450

2026-07-07 13:54:35.054 GMT [34524] LOG:  database system was shut down at 2026-07-07 13:54:31 GMT

2026-07-07 13:54:35.140 GMT [16392] LOG:  database system is ready to accept connections

P941 PG KEEPER READY url=postgres://postgres:postgres@127.0.0.1:55450/ccdb datadir=C:\Users\homme\clonestore\.p941-proofs\pgdata-fullstack
2026-07-07 13:59:34.998 GMT [31692] LOG:  checkpoint starting: time

2026-07-07 14:01:29.271 GMT [31692] LOG:  checkpoint complete: wrote 1045 buffers (6.4%); 0 WAL file(s) added, 0 removed, 0 recycled; write=114.070 s, sync=0.195 s, total=114.273 s; sync files=372, longest=0.003 s, average=0.001 s; distance=5088 kB, estimate=5088 kB; lsn=0/1A701F0, redo lsn=0/1A701B8

